This is pdfTeX, Version 3.141592653-2.6-1.40.26 (TeX Live 2025/dev/Debian) (preloaded format=pdflatex 2026.3.13)  30 MAR 2026 09:37
entering extended mode
 restricted \write18 enabled.
 %&-line parsing enabled.
**main.tex
(./main.tex
LaTeX2e <2024-11-01> patch level 2
L3 programming layer <2025-01-18>
(/usr/share/texlive/texmf-dist/tex/latex/base/report.cls
Document Class: report 2024/06/29 v1.4n Standard LaTeX document class
(/usr/share/texlive/texmf-dist/tex/latex/base/size12.clo
File: size12.clo 2024/06/29 v1.4n Standard LaTeX file (size option)
)
\c@part=\count196
\c@chapter=\count197
\c@section=\count198
\c@subsection=\count199
\c@subsubsection=\count266
\c@paragraph=\count267
\c@subparagraph=\count268
\c@figure=\count269
\c@table=\count270
\abovecaptionskip=\skip49
\belowcaptionskip=\skip50
\bibindent=\dimen141
)
(/usr/share/texlive/texmf-dist/tex/latex/l3packages/xparse/xparse.sty
(/usr/share/texlive/texmf-dist/tex/latex/l3kernel/expl3.sty
Package: expl3 2025-01-18 L3 programming layer (loader) 

(/usr/share/texlive/texmf-dist/tex/latex/l3backend/l3backend-pdftex.def
File: l3backend-pdftex.def 2024-05-08 L3 backend support: PDF output (pdfTeX)
\l__color_backend_stack_int=\count271
\l__pdf_internal_box=\box52
))
Package: xparse 2024-08-16 L3 Experimental document command parser
)
(/usr/share/texlive/texmf-dist/tex/latex/base/inputenc.sty
Package: inputenc 2024/02/08 v1.3d Input encoding file
\inpenc@prehook=\toks17
\inpenc@posthook=\toks18
)
(/usr/share/texlive/texmf-dist/tex/generic/babel/babel.sty
Package: babel 2025/02/14 v25.4 The multilingual framework for pdfLaTeX, LuaLaT
eX and XeLaTeX
\babel@savecnt=\count272
\U@D=\dimen142
\l@unhyphenated=\language6

(/usr/share/texlive/texmf-dist/tex/generic/babel/txtbabel.def)
\bbl@readstream=\read2
\bbl@dirlevel=\count273

(/usr/share/texlive/texmf-dist/tex/generic/babel-spanish/spanish.ldf
Language: spanish.ldf 2021/05/27 v5.0q Spanish support from the babel system
\es@quottoks=\toks19
\es@quotdepth=\count274
Package babel Info: Making " an active character on input line 570.
Package babel Info: Making . an active character on input line 675.
Package babel Info: Making < an active character on input line 722.
Package babel Info: Making > an active character on input line 722.
))
(/usr/share/texlive/texmf-dist/tex/generic/babel/locale/es/babel-spanish.tex
Package babel Info: Importing font and identification data for spanish
(babel)             from babel-es.ini. Reported on input line 11.
)
(/usr/share/texlive/texmf-dist/tex/latex/graphics/graphicx.sty
Package: graphicx 2021/09/16 v1.2d Enhanced LaTeX Graphics (DPC,SPQR)

(/usr/share/texlive/texmf-dist/tex/latex/graphics/keyval.sty
Package: keyval 2022/05/29 v1.15 key=value parser (DPC)
\KV@toks@=\toks20
)
(/usr/share/texlive/texmf-dist/tex/latex/graphics/graphics.sty
Package: graphics 2024/08/06 v1.4g Standard LaTeX Graphics (DPC,SPQR)

(/usr/share/texlive/texmf-dist/tex/latex/graphics/trig.sty
Package: trig 2023/12/02 v1.11 sin cos tan (DPC)
)
(/usr/share/texlive/texmf-dist/tex/latex/graphics-cfg/graphics.cfg
File: graphics.cfg 2016/06/04 v1.11 sample graphics configuration
)
Package graphics Info: Driver file: pdftex.def on input line 106.

(/usr/share/texlive/texmf-dist/tex/latex/graphics-def/pdftex.def
File: pdftex.def 2024/04/13 v1.2c Graphics/color driver for pdftex
))
\Gin@req@height=\dimen143
\Gin@req@width=\dimen144
)
(/usr/share/texlive/texmf-dist/tex/latex/float/float.sty
Package: float 2001/11/08 v1.3d Float enhancements (AL)
\c@float@type=\count275
\float@exts=\toks21
\float@box=\box53
\@float@everytoks=\toks22
\@floatcapt=\box54
)
(/usr/share/texlive/texmf-dist/tex/latex/natbib/natbib.sty
Package: natbib 2010/09/13 8.31b (PWD, AO)
\bibhang=\skip51
\bibsep=\skip52
LaTeX Info: Redefining \cite on input line 694.
\c@NAT@ctr=\count276
)
(/usr/share/texlive/texmf-dist/tex/latex/listings/listings.sty
\lst@mode=\count277
\lst@gtempboxa=\box55
\lst@token=\toks23
\lst@length=\count278
\lst@currlwidth=\dimen145
\lst@column=\count279
\lst@pos=\count280
\lst@lostspace=\dimen146
\lst@width=\dimen147
\lst@newlines=\count281
\lst@lineno=\count282
\lst@maxwidth=\dimen148

(/usr/share/texlive/texmf-dist/tex/latex/listings/lstpatch.sty
File: lstpatch.sty 2024/09/23 1.10c (Carsten Heinz)
)
(/usr/share/texlive/texmf-dist/tex/latex/listings/lstmisc.sty
File: lstmisc.sty 2024/09/23 1.10c (Carsten Heinz)
\c@lstnumber=\count283
\lst@skipnumbers=\count284
\lst@framebox=\box56
)
(/usr/share/texlive/texmf-dist/tex/latex/listings/listings.cfg
File: listings.cfg 2024/09/23 1.10c listings configuration
))
Package: listings 2024/09/23 1.10c (Carsten Heinz)

(/usr/share/texlive/texmf-dist/tex/latex/psnfss/helvet.sty
Package: helvet 2020/03/25 PSNFSS-v9.3 (WaS) 
)
(/usr/share/texlive/texmf-dist/tex/latex/geometry/geometry.sty
Package: geometry 2020/01/02 v5.9 Page Geometry

(/usr/share/texlive/texmf-dist/tex/generic/iftex/ifvtex.sty
Package: ifvtex 2019/10/25 v1.7 ifvtex legacy package. Use iftex instead.

(/usr/share/texlive/texmf-dist/tex/generic/iftex/iftex.sty
Package: iftex 2024/12/12 v1.0g TeX engine tests
))
\Gm@cnth=\count285
\Gm@cntv=\count286
\c@Gm@tempcnt=\count287
\Gm@bindingoffset=\dimen149
\Gm@wd@mp=\dimen150
\Gm@odd@mp=\dimen151
\Gm@even@mp=\dimen152
\Gm@layoutwidth=\dimen153
\Gm@layoutheight=\dimen154
\Gm@layouthoffset=\dimen155
\Gm@layoutvoffset=\dimen156
\Gm@dimlist=\toks24
)
(/usr/share/texlive/texmf-dist/tex/latex/setspace/setspace.sty
Package: setspace 2022/12/04 v6.7b set line spacing
)
(/usr/share/texlive/texmf-dist/tex/latex/fancyhdr/fancyhdr.sty
Package: fancyhdr 2025/02/07 v5.2 Extensive control of page headers and footers

\f@nch@headwidth=\skip53
\f@nch@offset@elh=\skip54
\f@nch@offset@erh=\skip55
\f@nch@offset@olh=\skip56
\f@nch@offset@orh=\skip57
\f@nch@offset@elf=\skip58
\f@nch@offset@erf=\skip59
\f@nch@offset@olf=\skip60
\f@nch@offset@orf=\skip61
\f@nch@height=\skip62
\f@nch@footalignment=\skip63
\f@nch@widthL=\skip64
\f@nch@widthC=\skip65
\f@nch@widthR=\skip66
\@temptokenb=\toks25
)
(/usr/share/texlive/texmf-dist/tex/latex/caption/caption.sty
Package: caption 2023/08/05 v3.6o Customizing captions (AR)

(/usr/share/texlive/texmf-dist/tex/latex/caption/caption3.sty
Package: caption3 2023/07/31 v2.4d caption3 kernel (AR)
\caption@tempdima=\dimen157
\captionmargin=\dimen158
\caption@leftmargin=\dimen159
\caption@rightmargin=\dimen160
\caption@width=\dimen161
\caption@indent=\dimen162
\caption@parindent=\dimen163
\caption@hangindent=\dimen164
Package caption Info: Standard document class detected.
)
\c@caption@flags=\count288
\c@continuedfloat=\count289
Package caption Info: float package is loaded.
Package caption Info: listings package is loaded.
)
(/usr/share/texlive/texmf-dist/tex/latex/titlesec/titlesec.sty
Package: titlesec 2025/01/04 v2.17 Sectioning titles
\ttl@box=\box57
\beforetitleunit=\skip67
\aftertitleunit=\skip68
\ttl@plus=\dimen165
\ttl@minus=\dimen166
\ttl@toksa=\toks26
\titlewidth=\dimen167
\titlewidthlast=\dimen168
\titlewidthfirst=\dimen169
)
LaTeX Font Info:    Trying to load font information for OT1+phv on input line 1
53.

(/usr/share/texlive/texmf-dist/tex/latex/psnfss/ot1phv.fd
File: ot1phv.fd 2020/03/25 scalable font definitions for OT1/phv.
) (./main.aux
LaTeX Info: Redefining \. on input line 8.
LaTeX Info: Redefining \% on input line 8.
)
\openout1 = `main.aux'.

LaTeX Font Info:    Checking defaults for OML/cmm/m/it on input line 153.
LaTeX Font Info:    ... okay on input line 153.
LaTeX Font Info:    Checking defaults for OMS/cmsy/m/n on input line 153.
LaTeX Font Info:    ... okay on input line 153.
LaTeX Font Info:    Checking defaults for OT1/cmr/m/n on input line 153.
LaTeX Font Info:    ... okay on input line 153.
LaTeX Font Info:    Checking defaults for T1/cmr/m/n on input line 153.
LaTeX Font Info:    ... okay on input line 153.
LaTeX Font Info:    Checking defaults for TS1/cmr/m/n on input line 153.
LaTeX Font Info:    ... okay on input line 153.
LaTeX Font Info:    Checking defaults for OMX/cmex/m/n on input line 153.
LaTeX Font Info:    ... okay on input line 153.
LaTeX Font Info:    Checking defaults for U/cmr/m/n on input line 153.
LaTeX Font Info:    ... okay on input line 153.
LaTeX Info: Redefining \. on input line 153.
LaTeX Info: Redefining \% on input line 153.

(/usr/share/texlive/texmf-dist/tex/context/base/mkii/supp-pdf.mkii
[Loading MPS to PDF converter (version 2006.09.02).]
\scratchcounter=\count290
\scratchdimen=\dimen170
\scratchbox=\box58
\nofMPsegments=\count291
\nofMParguments=\count292
\everyMPshowfont=\toks27
\MPscratchCnt=\count293
\MPscratchDim=\dimen171
\MPnumerator=\count294
\makeMPintoPDFobject=\count295
\everyMPtoPDFconversion=\toks28
) (/usr/share/texlive/texmf-dist/tex/latex/epstopdf-pkg/epstopdf-base.sty
Package: epstopdf-base 2020-01-24 v2.11 Base part for package epstopdf
Package epstopdf-base Info: Redefining graphics rule for `.eps' on input line 4
85.

(/usr/share/texlive/texmf-dist/tex/latex/latexconfig/epstopdf-sys.cfg
File: epstopdf-sys.cfg 2010/07/13 v1.3 Configuration of (r)epstopdf for TeX Liv
e
))
\c@lstlisting=\count296

*geometry* driver: auto-detecting
*geometry* detected driver: pdftex
*geometry* verbose mode - [ preamble ] result:
* driver: pdftex
* paper: letterpaper
* layout: <same size as paper>
* layoutoffset:(h,v)=(0.0pt,0.0pt)
* modes: includehead includefoot 
* h-part:(L,W,R)=(99.58464pt, 443.57848pt, 71.13188pt)
* v-part:(T,H,B)=(42.67912pt, 709.61174pt, 42.67912pt)
* \paperwidth=614.295pt
* \paperheight=794.96999pt
* \textwidth=443.57848pt
* \textheight=639.61174pt
* \oddsidemargin=27.31465pt
* \evensidemargin=27.31465pt
* \topmargin=-29.59087pt
* \headheight=15.0pt
* \headsep=25.0pt
* \topskip=12.0pt
* \footskip=30.0pt
* \marginparwidth=44.0pt
* \marginparsep=10.0pt
* \columnsep=10.0pt
* \skip\footins=10.8pt plus 4.0pt minus 2.0pt
* \hoffset=0.0pt
* \voffset=0.0pt
* \mag=1000
* \@twocolumnfalse
* \@twosidefalse
* \@mparswitchfalse
* \@reversemarginfalse
* (1in=72.27pt=25.4mm, 1cm=28.453pt)

Package caption Info: Begin \AtBeginDocument code.
Package caption Info: End \AtBeginDocument code.
<logo-upds.jpg, id=1, 378.66469pt x 398.99063pt>
File: logo-upds.jpg Graphic file (type jpg)
<use logo-upds.jpg>
Package pdftex.def Info: logo-upds.jpg  used on input line 158.
(pdftex.def)             Requested size: 113.81102pt x 119.91728pt.


[1

{/var/lib/texmf/fonts/map/pdftex/updmap/pdftex.map}{/usr/share/texlive/texmf-di
st/fonts/enc/dvips/base/8r.enc} <./logo-upds.jpg>] (./main.toc
LaTeX Info: Redefining \. on input line 1.
LaTeX Info: Redefining \% on input line 1.
LaTeX Font Info:    External font `cmex10' loaded for size
(Font)              <12> on input line 3.
LaTeX Font Info:    External font `cmex10' loaded for size
(Font)              <8> on input line 3.
LaTeX Font Info:    External font `cmex10' loaded for size
(Font)              <6> on input line 3.


LaTeX Info: Redefining \. on input line 22.
LaTeX Info: Redefining \% on input line 22.

Package fancyhdr Warning: \headheight is too small (15.0pt): 
(fancyhdr)                Make it at least 15.55193pt, for example:
(fancyhdr)                \setlength{\headheight}{15.55193pt}.
(fancyhdr)                You might also make \topmargin smaller:
(fancyhdr)                \addtolength{\topmargin}{-0.55193pt}.

[1

]

LaTeX Info: Redefining \. on input line 43.
LaTeX Info: Redefining \% on input line 43.

Package fancyhdr Warning: \headheight is too small (15.0pt): 
(fancyhdr)                Make it at least 15.55193pt, for example:
(fancyhdr)                \setlength{\headheight}{15.55193pt}.
(fancyhdr)                You might also make \topmargin smaller:
(fancyhdr)                \addtolength{\topmargin}{-0.55193pt}.

[2]

LaTeX Info: Redefining \. on input line 64.
LaTeX Info: Redefining \% on input line 64.

Package fancyhdr Warning: \headheight is too small (15.0pt): 
(fancyhdr)                Make it at least 15.55193pt, for example:
(fancyhdr)                \setlength{\headheight}{15.55193pt}.
(fancyhdr)                You might also make \topmargin smaller:
(fancyhdr)                \addtolength{\topmargin}{-0.55193pt}.

[3])
\tf@toc=\write3
\openout3 = `main.toc'.



LaTeX Info: Redefining \. on input line 186.
LaTeX Info: Redefining \% on input line 186.

Package fancyhdr Warning: \headheight is too small (15.0pt): 
(fancyhdr)                Make it at least 15.55193pt, for example:
(fancyhdr)                \setlength{\headheight}{15.55193pt}.
(fancyhdr)                You might also make \topmargin smaller:
(fancyhdr)                \addtolength{\topmargin}{-0.55193pt}.

[4] (./main.lof
LaTeX Info: Redefining \. on input line 1.
LaTeX Info: Redefining \% on input line 1.
)
\tf@lof=\write4
\openout4 = `main.lof'.



LaTeX Info: Redefining \. on input line 190.
LaTeX Info: Redefining \% on input line 190.

Package fancyhdr Warning: \headheight is too small (15.0pt): 
(fancyhdr)                Make it at least 15.55193pt, for example:
(fancyhdr)                \setlength{\headheight}{15.55193pt}.
(fancyhdr)                You might also make \topmargin smaller:
(fancyhdr)                \addtolength{\topmargin}{-0.55193pt}.

[5

] (./main.lot
LaTeX Info: Redefining \. on input line 1.
LaTeX Info: Redefining \% on input line 1.
)
\tf@lot=\write5
\openout5 = `main.lot'.



LaTeX Info: Redefining \. on input line 194.
LaTeX Info: Redefining \% on input line 194.

Package fancyhdr Warning: \headheight is too small (15.0pt): 
(fancyhdr)                Make it at least 15.55193pt, for example:
(fancyhdr)                \setlength{\headheight}{15.55193pt}.
(fancyhdr)                You might also make \topmargin smaller:
(fancyhdr)                \addtolength{\topmargin}{-0.55193pt}.

[6

]
Cap\'{\i }tulo 1.


LaTeX Info: Redefining \. on input line 213.
LaTeX Info: Redefining \% on input line 213.
[1

]
LaTeX Font Info:    Font shape `OT1/phv/m/it' in size <12> not available
(Font)              Font shape `OT1/phv/m/sl' tried instead on input line 222.
<figuras/arbol.png, id=31, 813.0375pt x 349.305pt>
File: figuras/arbol.png Graphic file (type png)
<use figuras/arbol.png>
Package pdftex.def Info: figuras/arbol.png  used on input line 222.
(pdftex.def)             Requested size: 354.86412pt x 152.45811pt.


LaTeX Info: Redefining \. on input line 232.
LaTeX Info: Redefining \% on input line 232.
[2 <./figuras/arbol.png>]

LaTeX Info: Redefining \. on input line 245.
LaTeX Info: Redefining \% on input line 245.
[3]
Cap\'{\i }tulo 2.


LaTeX Info: Redefining \. on input line 268.
LaTeX Info: Redefining \% on input line 268.
[4

]

LaTeX Info: Redefining \. on input line 286.
LaTeX Info: Redefining \% on input line 286.
[5]

LaTeX Info: Redefining \. on input line 306.
LaTeX Info: Redefining \% on input line 306.
[6]

LaTeX Info: Redefining \. on input line 328.
LaTeX Info: Redefining \% on input line 328.
[7]

LaTeX Info: Redefining \. on input line 348.
LaTeX Info: Redefining \% on input line 348.
[8]

LaTeX Info: Redefining \. on input line 370.
LaTeX Info: Redefining \% on input line 370.
[9]

LaTeX Info: Redefining \. on input line 386.
LaTeX Info: Redefining \% on input line 386.
[10]
Cap\'{\i }tulo 3.
<figuras/comandos-php.png, id=62, 1700.3525pt x 493.845pt>
File: figuras/comandos-php.png Graphic file (type png)
<use figuras/comandos-php.png>
Package pdftex.def Info: figuras/comandos-php.png  used on input line 396.
(pdftex.def)             Requested size: 354.86412pt x 103.06245pt.


LaTeX Info: Redefining \. on input line 400.
LaTeX Info: Redefining \% on input line 400.
[11

 <./figuras/comandos-php.png>]
<figuras/comandos-node.png, id=68, 2178.1375pt x 1198.4775pt>
File: figuras/comandos-node.png Graphic file (type png)
<use figuras/comandos-node.png>
Package pdftex.def Info: figuras/comandos-node.png  used on input line 401.
(pdftex.def)             Requested size: 354.86412pt x 195.25319pt.
<figuras/comandos-docker.png, id=69, 2461.195pt x 1361.085pt>
File: figuras/comandos-docker.png Graphic file (type png)
<use figuras/comandos-docker.png>
Package pdftex.def Info: figuras/comandos-docker.png  used on input line 406.
(pdftex.def)             Requested size: 354.86412pt x 196.24115pt.


LaTeX Info: Redefining \. on input line 407.
LaTeX Info: Redefining \% on input line 407.
[12 <./figuras/comandos-node.png>]
<figuras/comandos-laravel.png, id=76, 1351.0475pt x 1144.275pt>
File: figuras/comandos-laravel.png Graphic file (type png)
<use figuras/comandos-laravel.png>
Package pdftex.def Info: figuras/comandos-laravel.png  used on input line 414.
(pdftex.def)             Requested size: 354.86412pt x 300.54256pt.


LaTeX Info: Redefining \. on input line 415.
LaTeX Info: Redefining \% on input line 415.
[13 <./figuras/comandos-docker.png>]
<figuras/comandos-next.png, id=81, 1330.9725pt x 602.25pt>
File: figuras/comandos-next.png Graphic file (type png)
<use figuras/comandos-next.png>
Package pdftex.def Info: figuras/comandos-next.png  used on input line 419.
(pdftex.def)             Requested size: 354.86412pt x 160.56958pt.


LaTeX Info: Redefining \. on input line 420.
LaTeX Info: Redefining \% on input line 420.
[14 <./figuras/comandos-laravel.png>]

LaTeX Info: Redefining \. on input line 432.
LaTeX Info: Redefining \% on input line 432.
[15 <./figuras/comandos-next.png>]
<figuras/migraciones.jpeg, id=90, 1606.0pt x 333.245pt>
File: figuras/migraciones.jpeg Graphic file (type jpg)
<use figuras/migraciones.jpeg>
Package pdftex.def Info: figuras/migraciones.jpeg  used on input line 443.
(pdftex.def)             Requested size: 354.86412pt x 73.63446pt.
LaTeX Font Info:    Font shape `OT1/phv/m/it' in size <10.95> not available
(Font)              Font shape `OT1/phv/m/sl' tried instead on input line 443.


LaTeX Info: Redefining \. on input line 452.
LaTeX Info: Redefining \% on input line 452.
[16 <./figuras/migraciones.jpeg>]
LaTeX Font Info:    Font shape `OT1/cmtt/bx/n' in size <12> not available
(Font)              Font shape `OT1/cmtt/m/n' tried instead on input line 453.
<figuras/diagrama-conceptual.jpeg, id=95, 804.00375pt x 924.45375pt>
File: figuras/diagrama-conceptual.jpeg Graphic file (type jpg)
<use figuras/diagrama-conceptual.jpeg>
Package pdftex.def Info: figuras/diagrama-conceptual.jpeg  used on input line 4
79.
(pdftex.def)             Requested size: 399.21791pt x 459.02368pt.


LaTeX Info: Redefining \. on input line 480.
LaTeX Info: Redefining \% on input line 480.
[17]
<figuras/diagrama-logico.jpeg, id=99, 748.7975pt x 558.085pt>
File: figuras/diagrama-logico.jpeg Graphic file (type jpg)
<use figuras/diagrama-logico.jpeg>
Package pdftex.def Info: figuras/diagrama-logico.jpeg  used on input line 490.
(pdftex.def)             Requested size: 399.21791pt x 297.53787pt.


LaTeX Info: Redefining \. on input line 491.
LaTeX Info: Redefining \% on input line 491.
[18 <./figuras/diagrama-conceptual.jpeg>]
<figuras/diagrama-fisico.jpeg, id=104, 848.16875pt x 615.29875pt>
File: figuras/diagrama-fisico.jpeg Graphic file (type jpg)
<use figuras/diagrama-fisico.jpeg>
Package pdftex.def Info: figuras/diagrama-fisico.jpeg  used on input line 501.
(pdftex.def)             Requested size: 399.21791pt x 289.61293pt.


LaTeX Info: Redefining \. on input line 502.
LaTeX Info: Redefining \% on input line 502.
[19 <./figuras/diagrama-logico.jpeg>]

LaTeX Info: Redefining \. on input line 511.
LaTeX Info: Redefining \% on input line 511.
[20 <./figuras/diagrama-fisico.jpeg>]
Overfull \hbox (3.50822pt too wide) in paragraph at lines 518--519
[]\OT1/phv/m/n/12 Para ver m[]etri-cas glo-ba-les. ?`Cu[]anto se re-caud[]o hoy
? ?`Cu[]antos
 []

LaTeX Font Info:    Trying to load font information for OMS+cmtt on input line 
531.
LaTeX Font Info:    No file OMScmtt.fd. on input line 531.

LaTeX Font Warning: Font shape `OMS/cmtt/m/n' undefined
(Font)              using `OMS/cmsy/m/n' instead
(Font)              for symbol `textbraceleft' on input line 531.


Overfull \hbox (2.84218pt too wide) in paragraph at lines 530--532
\OMS/cmtt/m/n/12 f\OT1/cmtt/m/n/12 "status": .[]k", "msj": []obro exitoso", "sa
ldo[]restante": 12.50\OMS/cmtt/m/n/12 g 
 []



LaTeX Info: Redefining \. on input line 541.
LaTeX Info: Redefining \% on input line 541.
[21]
Overfull \hbox (24.88708pt too wide) in paragraph at lines 547--548
[]\OT1/phv/m/n/12 Relaciones: \OT1/cmtt/m/n/12 belongsTo(Usuario::class)\OT1/ph
v/m/n/12 , \OT1/cmtt/m/n/12 hasMany(Transaccion::class)\OT1/phv/m/n/12 . 
 []


Overfull \hbox (8.0528pt too wide) in paragraph at lines 549--550
[]\OT1/phv/m/n/12 Relaciones: \OT1/cmtt/m/n/12 belongsTo(Cuenta::class, 'Id[]Cu
enta[]Origen') \OT1/phv/m/n/12 (Quien
 []



LaTeX Info: Redefining \. on input line 562.
LaTeX Info: Redefining \% on input line 562.
[22] (/usr/share/texlive/texmf-dist/tex/latex/listings/lstlang1.sty
File: lstlang1.sty 2024/09/23 1.10c listings language file
)
(/usr/share/texlive/texmf-dist/tex/latex/listings/lstlang1.sty
File: lstlang1.sty 2024/09/23 1.10c listings language file
)

LaTeX Info: Redefining \. on input line 603.
LaTeX Info: Redefining \% on input line 603.
[23] (/usr/share/texlive/texmf-dist/tex/latex/listings/lstlang1.sty
File: lstlang1.sty 2024/09/23 1.10c listings language file
)
(/usr/share/texlive/texmf-dist/tex/latex/listings/lstlang2.sty
File: lstlang2.sty 2024/09/23 1.10c listings language file
)
LaTeX Font Info:    Font shape `OT1/cmtt/bx/n' in size <8> not available
(Font)              Font shape `OT1/cmtt/m/n' tried instead on input line 612.
LaTeX Font Info:    External font `cmex10' loaded for size
(Font)              <5> on input line 615.


LaTeX Info: Redefining \. on input line 657.
LaTeX Info: Redefining \% on input line 657.
[24]
Overfull \hbox (8.25557pt too wide) in paragraph at lines 659--660
\OT1/phv/m/n/12 .[]iminaci[]on l[]ogica.[] \OT1/phv/m/sl/12 Soft De-le-te \OT1/
phv/m/n/12 ma-nual, mo-di-fi-can-do la co-lum-na \OT1/cmtt/m/n/12 Estado \OT1/p
hv/m/n/12 a \OT1/cmtt/m/n/12 'Inactivo'\OT1/phv/m/n/12 .
 []



LaTeX Info: Redefining \. on input line 689.
LaTeX Info: Redefining \% on input line 689.
[25]

LaTeX Info: Redefining \. on input line 706.
LaTeX Info: Redefining \% on input line 706.
[26]
Cap\'{\i }tulo 4.
(./main.bbl

LaTeX Info: Redefining \. on input line 1.
LaTeX Info: Redefining \% on input line 1.
[27

])

LaTeX Info: Redefining \. on input line 721.
LaTeX Info: Redefining \% on input line 721.
[28

] (./main.aux
LaTeX Info: Redefining \. on input line 8.
LaTeX Info: Redefining \% on input line 8.
)
 ***********
LaTeX2e <2024-11-01> patch level 2
L3 programming layer <2025-01-18>
 ***********


LaTeX Font Warning: Some font shapes were not available, defaults substituted.

 ) 
Here is how much of TeX's memory you used:
 9821 strings out of 475116
 162673 string characters out of 5764601
 924490 words of memory out of 5000000
 32743 multiletter control sequences out of 15000+600000
 578746 words of font info for 68 fonts, out of 8000000 for 9000
 40 hyphenation exceptions out of 8191
 64i,13n,79p,913b,3273s stack positions out of 10000i,1000n,20000p,200000b,200000s
 </home/joaquin/.texlive2025/texmf-var/fonts/pk/ljfour/jknappen/ec/tctt0800.6
00pk></usr/share/texlive/texmf-dist/fonts/type1/public/amsfonts/cm/cmitt10.pfb>
</usr/share/texlive/texmf-dist/fonts/type1/public/amsfonts/cm/cmsy10.pfb></usr/
share/texlive/texmf-dist/fonts/type1/public/amsfonts/cm/cmtt12.pfb></usr/share/
texlive/texmf-dist/fonts/type1/public/amsfonts/cm/cmtt8.pfb></usr/share/texlive
/texmf-dist/fonts/type1/urw/helvetic/uhvb8a.pfb></usr/share/texlive/texmf-dist/
fonts/type1/urw/helvetic/uhvr8a.pfb></usr/share/texlive/texmf-dist/fonts/type1/
urw/helvetic/uhvro8a.pfb>
Output written on main.pdf (35 pages, 930768 bytes).
PDF statistics:
 176 PDF objects out of 1000 (max. 8388607)
 105 compressed objects within 2 object streams
 0 named destinations out of 1000 (max. 500000)
 56 words of extra memory for PDF output out of 10000 (max. 10000000)

